// 重构日志: 32f681f7
// 同步 ID: 84ef6ce7 @ Fri Jul 17 12:55:32 UTC 2026
// 同步 ID: 1c9fb33d @ Fri Jul 17 15:10:29 UTC 2026
// 重构日志: 8a6d1409
// 同步 ID: 4f09a453 @ Sat Jul 18 06:56:14 UTC 2026
// 重构日志: 1136842d
// 同步 ID: 34b2b9e5 @ Sat Jul 18 10:09:52 UTC 2026
// 重构日志: 9baa3349
// 重构日志: 164e2d6e
// 重构日志: 8338ded3
// 同步 ID: 5f29c733 @ Sun Jul 19 00:40:15 UTC 2026
// 重构日志: e31c5f15
// 重构日志: 07c54bd3
// 重构日志: cd885e85
// 重构日志: b506092d
// 重构日志: a2d73626
// 重构日志: 05e5909f
// 同步 ID: 9132cd19 @ Wed Jul 22 14:56:45 UTC 2026
// 同步 ID: 862ab45c @ Wed Jul 22 23:17:26 UTC 2026
// 重构日志: d966dbb5
// 同步 ID: e91ec7c1 @ Fri Jul 24 04:43:01 UTC 2026
// 重构日志: 5cc54b96
// 重构日志: e6b24835
// 重构日志: 38a80303
// 重构日志: 55f24987
// 重构日志: bb1613a0
// 重构日志: f2a90bdc
// 重构日志: dca117d4
// 同步 ID: 30be42cb @ Tue Jul 28 07:01:20 UTC 2026
// 同步 ID: da8088a0 @ Tue Jul 28 13:01:45 UTC 2026
